// Jest Snapshot v1, https://goo.gl/fbAQLP

exports[`test main page 404 error 1`] = `"errorDescriptions[errorCode] is not a function"`;

exports[`test missing download directory error 1`] = `"errorDescriptions[errorCode] is not a function"`;

exports[`test missing resouse links 1`] = `"errorDescriptions[errorCode] is not a function"`;
